[pr-lp.net/tiger-security.info/bu-2/index.html]
[backblue.gif]
[fade.gif]
[index.html]
[pr-lp.net/tiger-security.info/bu-2/css/style.min.css]
[pr-lp.net/tiger-security.info/bu-2/js/script.min.js]
[pr-lp.net/tiger-security.info/bu-2/img/common/logo.webp]
[pr-lp.net/tiger-security.info/bu-2/img/common/phone.svg]
[pr-lp.net/tiger-security.info/bu-2/img/common/phone-sp.svg]
[pr-lp.net/tiger-security.info/bu-2/img/common/mail.svg]
[pr-lp.net/tiger-security.info/bu-2/img/common/mail-hover.svg]
[pr-lp.net/tiger-security.info/bu-2/img/mv/mv-sp.webp]
[pr-lp.net/tiger-security.info/bu-2/img/mv/mv-pc.webp]
[pr-lp.net/tiger-security.info/bu-2/img/inquiry/phone-icon.svg]
[pr-lp.net/tiger-security.info/bu-2/img/inquiry/mail-icon.svg]
[pr-lp.net/tiger-security.info/bu-2/img/inquiry/table-img.webp]
[pr-lp.net/tiger-security.info/bu-2/img/inquiry/tablesp-img.webp]
[pr-lp.net/tiger-security.info/bu-2/img/header/header.svg]
[pr-lp.net/tiger-security.info/bu-2/img/problem/problem-01.png]
[pr-lp.net/tiger-security.info/bu-2/img/point/point-cta01.png]
[pr-lp.net/tiger-security.info/bu-2/img/wage/plus.png]
[pr-lp.net/tiger-security.info/bu-2/img/wage/money.svg]
[pr-lp.net/tiger-security.info/bu-2/img/problem/problem-help.jpg]
[pr-lp.net/tiger-security.info/bu-2/img/wage/time.svg]
[pr-lp.net/tiger-security.info/bu-2/img/wage/boy.svg]
[pr-lp.net/tiger-security.info/bu-2/img/wage/setting.svg]
[pr-lp.net/tiger-security.info/bu-2/img/wage/love.svg]
[pr-lp.net/tiger-security.info/bu-2/img/comment/comment-01.webp]
[pr-lp.net/tiger-security.info/bu-2/img/comment/comment-02.webp]
[pr-lp.net/tiger-security.info/bu-2/img/comment/image-01.webp]
[pr-lp.net/tiger-security.info/bu-2/img/comment/image-02.webp]
[pr-lp.net/tiger-security.info/bu-2/img/comment/image-03.webp]
[pr-lp.net/tiger-security.info/bu-2/img/comment/image-04.webp]
[pr-lp.net/tiger-security.info/bu-2/img/point/point-mascot.png]
[pr-lp.net/tiger-security.info/bu-2/img/point/point-01-sp.png]
[pr-lp.net/tiger-security.info/bu-2/img/point/point-01.png]
[pr-lp.net/tiger-security.info/bu-2/img/faq/q.svg]
[pr-lp.net/tiger-security.info/bu-2/img/faq/icon-arrow.svg]
[pr-lp.net/tiger-security.info/bu-2/img/faq/a.svg]
[pr-lp.net/tiger-security.info/bu-2/img/common/send.svg]
[pr-lp.net/tiger-security.info/bu-2/img/common/send-hover.svg]
[pr-lp.net/tiger-security.info/bu-2/img/company/company-bg.png]
[ajax.googleapis.com/ajax/libs/jquery/3.3.1/jquery.min.js]
[pr-lp.net/tiger-security.info/bu-2/index.html]
[www.googletagmanager.com/gtm5445.html]
[pr-lp.net/tiger-security.info/bu-2/img/company/company-bg-sp.webp]
[pr-lp.net/tiger-security.info/bu-2/img/company/company-bg.webp]
[pr-lp.net/tiger-security.info/bu-2/img/comment/comment-bg-sp.webp]
[pr-lp.net/tiger-security.info/bu-2/img/comment/comment-bg-pc.webp]
[pr-lp.net/tiger-security.info/bu-2/css/style.min.css]
[pr-lp.net/tiger-security.info/bu-2/img/common/phone.svg]
[pr-lp.net/tiger-security.info/bu-2/img/common/phone-sp.svg]
[pr-lp.net/tiger-security.info/bu-2/img/common/mail.svg]
[pr-lp.net/tiger-security.info/bu-2/img/common/mail-hover.svg]
[pr-lp.net/tiger-security.info/bu-2/img/inquiry/phone-icon.svg]
[pr-lp.net/tiger-security.info/bu-2/img/inquiry/mail-icon.svg]
[pr-lp.net/tiger-security.info/bu-2/img/header/header.svg]
[pr-lp.net/tiger-security.info/bu-2/img/wage/money.svg]
[pr-lp.net/tiger-security.info/bu-2/img/wage/time.svg]
[pr-lp.net/tiger-security.info/bu-2/img/wage/boy.svg]
[pr-lp.net/tiger-security.info/bu-2/img/wage/setting.svg]
[pr-lp.net/tiger-security.info/bu-2/img/wage/love.svg]
[pr-lp.net/tiger-security.info/bu-2/img/faq/q.svg]
[pr-lp.net/tiger-security.info/bu-2/img/faq/icon-arrow.svg]
[pr-lp.net/tiger-security.info/bu-2/img/faq/a.svg]
[pr-lp.net/tiger-security.info/bu-2/img/common/send.svg]
[pr-lp.net/tiger-security.info/bu-2/img/common/send-hover.svg]
[pr-lp.net/tiger-security.info/bu-2/img/common/bg.html]
[pr-lp.net/tiger-security.info/bu-2/img/cta/cta-bg.webp]
